C:\Users\Asus\OneDrive\Desktop\New folder\calendar-component\src\components\CalendarGrid.tsx:1 [1] @typescript-eslint/no-unused-vars
C:\Users\Asus\OneDrive\Desktop\New folder\calendar-component\src\components\NotesPanel.tsx:17 [2] react-hooks/set-state-in-effect
C:\Users\Asus\OneDrive\Desktop\New folder\calendar-component\src\components\NotesPanel.tsx:35 [2] react-hooks/set-state-in-effect
